Component: ARM Compiler 5.05 update 1 (build 106) Tool: armlink [4d0efa]

==============================================================================

Section Cross References

    main.o(.text) refers to delay.o(.text) for osdelay_ms
    main.o(.text) refers to control.o(.text) for Ruan_Qi
    main.o(.text) refers to pwm.o(.text) for PWM_val
    main.o(.text) refers to read.o(.text) for data_Parameterreceive
    main.o(.text) refers to stm32f4xx_dma.o(.text) for DMA_Cmd
    main.o(.text) refers to can.o(.data) for OutPut
    main.o(.text) refers to modbus_slave.o(.bss) for PLC_Data
    main.o(.text) refers to main.o(.data) for Bi_Zhang_flag
    main.o(.text) refers to route.o(.bss) for SystemParameter
    main.o(.text) refers to cdhdata.o(.bss) for front_cdh16
    main.o(.text) refers to usart6.o(.data) for receive_ok
    main.o(.text) refers to led.o(.text) for Police_led
    main.o(.text) refers to wdg.o(.text) for IWDG_Feed
    main.o(.text) refers to route.o(.text) for SetOneParameterToSystem
    main.o(.text) refers to modbus_slave_170m.o(.bss) for PLC2_Data
    main.o(.text) refers to xf.o(.text) for speek
    main.o(.text) refers to rt_memclr.o(.text) for __aeabi_memclr
    main.o(.text) refers to dflt_clz.o(x$fpl$dfltu) for __aeabi_ui2d
    main.o(.text) refers to modbus_slave_170m.o(.data) for STATIONNUM_170M
    main.o(.text) refers to pid.o(.bss) for PID
    main.o(.text) refers to w25qxx.o(.text) for W25QXX_Write_16
    main.o(.text) refers to route.o(.data) for HmiRouteCopiedNumTemp
    main.o(.text) refers to os_task.o(.text) for OSTaskDel
    main.o(.text) refers to main.o(.bss) for Task5_TaskTCB
    main.o(.text) refers to can.o(.text) for CanSend
    main.o(.text) refers to usart2.o(.data) for BEEP_flag
    main.o(.text) refers to pid.o(.text) for PosPIDCalc
    main.o(.text) refers to dflt_clz.o(x$fpl$dflt) for __aeabi_i2d
    main.o(.text) refers to dmul.o(x$fpl$dmul) for __aeabi_dmul
    main.o(.text) refers to dfix.o(x$fpl$dfix) for __aeabi_d2iz
    main.o(.text) refers to fabs.o(i.__hardfp_fabs) for __hardfp_fabs
    main.o(.text) refers to ddiv.o(x$fpl$ddiv) for __aeabi_ddiv
    main.o(.text) refers to daddsub_clz.o(x$fpl$dadd) for __aeabi_dadd
    main.o(.text) refers to dfixu.o(x$fpl$dfixu) for __aeabi_d2uiz
    main.o(.text) refers to cdhdata.o(.text) for FindSpace
    main.o(.text) refers to rt_memcpy_v6.o(.text) for __aeabi_memcpy
    main.o(.text) refers to cpu_core.o(.text) for CPU_Init
    main.o(.text) refers to os_stat.o(.text) for OSStatTaskCPUUsageInit
    main.o(.text) refers to os_core.o(.text) for OSSchedRoundRobinCfg
    main.o(.text) refers to cpu_a.o(.text) for CPU_SR_Save
    main.o(.text) refers to os_var.o(.data) for OSSchedLockNestingCtr
    main.o(.text) refers to misc.o(.text) for NVIC_PriorityGroupConfig
    main.o(.text) refers to baohu.o(.text) for BAOHU_Init
    main.o(.text) refers to dma.o(.text) for DMA_adc1_Init
    main.o(.text) refers to adc.o(.text) for ADC1_Init
    main.o(.text) refers to usart.o(.text) for uart_init
    main.o(.text) refers to usart2.o(.text) for usart2_init
    main.o(.text) refers to usart3.o(.text) for usart3_init
    main.o(.text) refers to uart4.o(.text) for uart4_init
    main.o(.text) refers to usart6.o(.text) for usart6_init
    system_stm32f4xx.o(.text) refers to system_stm32f4xx.o(.data) for SystemCoreClock
    led.o(.text) refers to stm32f4xx_rcc.o(.text) for RCC_AHB1PeriphClockCmd
    led.o(.text) refers to stm32f4xx_gpio.o(.text) for GPIO_Init
    led.o(.text) refers to delay.o(.text) for osdelay_ms
    can.o(.text) refers to stm32f4xx_rcc.o(.text) for RCC_AHB1PeriphClockCmd
    can.o(.text) refers to stm32f4xx_gpio.o(.text) for GPIO_Init
    can.o(.text) refers to stm32f4xx_can.o(.text) for CAN_Init
    can.o(.text) refers to misc.o(.text) for NVIC_Init
    can.o(.text) refers to control.o(.text) for Shou_Dong
    can.o(.text) refers to can.o(.data) for Input
    can.o(.text) refers to main.o(.data) for Mode_flag
    dma.o(.text) refers to stm32f4xx_rcc.o(.text) for RCC_AHB1PeriphClockCmd
    dma.o(.text) refers to stm32f4xx_dma.o(.text) for DMA_Cmd
    dma.o(.text) refers to misc.o(.text) for NVIC_Init
    dma.o(.text) refers to dflt_clz.o(x$fpl$dflt) for __aeabi_i2d
    dma.o(.text) refers to dma.o(.bss) for AD_Value
    dma.o(.text) refers to stm32f4xx_gpio.o(.text) for GPIO_SetBits
    dma.o(.text) refers to stm32f4xx_usart.o(.text) for USART_ITConfig
    dma.o(.text) refers to usart6.o(.data) for send_ok
    adc.o(.text) refers to stm32f4xx_rcc.o(.text) for RCC_AHB1PeriphClockCmd
    adc.o(.text) refers to stm32f4xx_gpio.o(.text) for GPIO_Init
    adc.o(.text) refers to stm32f4xx_adc.o(.text) for ADC_CommonInit
    startup_stm32f40_41xxx.o(STACK) refers (Special) to heapauxi.o(.text) for __use_two_region_memory
    startup_stm32f40_41xxx.o(HEAP) refers (Special) to heapauxi.o(.text) for __use_two_region_memory
[...]
    OS_PendDataInit                          0x0800cc31   Thumb Code    38  os_core.o(.text)
    OS_RdyListRemove                         0x0800cc57   Thumb Code    86  os_core.o(.text)
    OS_TaskBlock                             0x0800ccad   Thumb Code    56  os_core.o(.text)
    OS_Pend                                  0x0800cce5   Thumb Code    98  os_core.o(.text)
    OS_PendListRemove1                       0x0800cd47   Thumb Code   136  os_core.o(.text)
    OS_PendListRemove                        0x0800cdcf   Thumb Code    48  os_core.o(.text)
    OS_PendAbort1                            0x0800cdff   Thumb Code    36  os_core.o(.text)
    OS_RdyListInsertHead                     0x0800ce23   Thumb Code    58  os_core.o(.text)
    OS_RdyListInsertTail                     0x0800ce5d   Thumb Code    56  os_core.o(.text)
    OS_RdyListInsert                         0x0800ce95   Thumb Code    40  os_core.o(.text)
    OS_TaskRdy                               0x0800cebd   Thumb Code    28  os_core.o(.text)
    OS_PendAbort                             0x0800ced9   Thumb Code   166  os_core.o(.text)
    OS_PendDbgNameRemove                     0x0800cf7f   Thumb Code    34  os_core.o(.text)
    OS_PendListChangePrio                    0x0800cfa1   Thumb Code    70  os_core.o(.text)
    OS_PendListInit                          0x0800cfe7   Thumb Code    10  os_core.o(.text)
    OS_PendListInsertHead                    0x0800cff1   Thumb Code    32  os_core.o(.text)
    OS_PendObjDel1                           0x0800d011   Thumb Code    36  os_core.o(.text)
    OS_PendObjDel                            0x0800d035   Thumb Code   162  os_core.o(.text)
    OS_Post1                                 0x0800d0d7   Thumb Code    42  os_core.o(.text)
    OS_Post                                  0x0800d101   Thumb Code   192  os_core.o(.text)
    OS_Sched0                                0x0800d1c1   Thumb Code    68  os_core.o(.text)
    OS_SchedRoundRobin                       0x0800d205   Thumb Code   218  os_core.o(.text)
    OS_Dbg_Init                              0x0800d2ed   Thumb Code   146  os_dbg.o(.text)
    OS_FlagDbgListAdd                        0x0800d49d   Thumb Code    38  os_flag.o(.text)
    OSFlagCreate                             0x0800d4c3   Thumb Code   172  os_flag.o(.text)
    OS_FlagClr                               0x0800d56f   Thumb Code    28  os_flag.o(.text)
    OS_FlagDbgListRemove                     0x0800d58b   Thumb Code    44  os_flag.o(.text)
    OSFlagDel                                0x0800d5b7   Thumb Code   594  os_flag.o(.text)
    OS_FlagBlock                             0x0800d809   Thumb Code    58  os_flag.o(.text)
    OSFlagPend                               0x0800d843   Thumb Code  1488  os_flag.o(.text)
    OSFlagPendAbort                          0x0800de13   Thumb Code   292  os_flag.o(.text)
    OSFlagPendGetFlagsRdy                    0x0800df37   Thumb Code    68  os_flag.o(.text)
    OS_FlagTaskRdy                           0x0800df7b   Thumb Code    86  os_flag.o(.text)
    OS_FlagPost                              0x0800dfd1   Thumb Code   570  os_flag.o(.text)
    OSFlagPost                               0x0800e20b   Thumb Code   146  os_flag.o(.text)
    OS_FlagInit                              0x0800e29d   Thumb Code    14  os_flag.o(.text)
    OS_IntQPost                              0x0800e2c5   Thumb Code   216  os_int.o(.text)
    OS_IntQRePost                            0x0800e39d   Thumb Code   360  os_int.o(.text)
    OS_IntQTask                              0x0800e505   Thumb Code   162  os_int.o(.text)
    OS_IntQTaskInit                          0x0800e5a7   Thumb Code   208  os_int.o(.text)
    OS_MemDbgListAdd                         0x0800e709   Thumb Code    34  os_mem.o(.text)
    OSMemCreate                              0x0800e72b   Thumb Code   288  os_mem.o(.text)
    OSMemGet                                 0x0800e84b   Thumb Code   100  os_mem.o(.text)
    OSMemPut                                 0x0800e8af   Thumb Code   112  os_mem.o(.text)
    OS_MemInit                               0x0800e91f   Thumb Code    14  os_mem.o(.text)
    OS_MsgPoolCreate                         0x0800e941   Thumb Code    54  os_msg.o(.text)
    OS_MsgPoolInit                           0x0800e977   Thumb Code    70  os_msg.o(.text)
    OS_MsgQFreeAll                           0x0800e9bd   Thumb Code    62  os_msg.o(.text)
    OS_MsgQInit                              0x0800e9fb   Thumb Code    14  os_msg.o(.text)
    OS_MsgQGet                               0x0800ea09   Thumb Code    98  os_msg.o(.text)
    OS_MsgQPut                               0x0800ea6b   Thumb Code   246  os_msg.o(.text)
    OS_MutexDbgListAdd                       0x0800eb6d   Thumb Code    38  os_mutex.o(.text)
    OSMutexCreate                            0x0800eb93   Thumb Code   178  os_mutex.o(.text)
    OS_MutexClr                              0x0800ec45   Thumb Code    38  os_mutex.o(.text)
    OS_MutexDbgListRemove                    0x0800ec6b   Thumb Code    44  os_mutex.o(.text)
    OSMutexDel                               0x0800ec97   Thumb Code   842  os_mutex.o(.text)
    OSMutexPend                              0x0800efe1   Thumb Code   706  os_mutex.o(.text)
    OSMutexPendAbort                         0x0800f2a3   Thumb Code   314  os_mutex.o(.text)
    OSMutexPost                              0x0800f3dd   Thumb Code   564  os_mutex.o(.text)
    OS_MutexInit                             0x0800f611   Thumb Code    14  os_mutex.o(.text)
    OS_PrioInit                              0x0800f641   Thumb Code    20  os_prio.o(.text)
    OS_PrioGetHighest                        0x0800f655   Thumb Code    36  os_prio.o(.text)
    OS_PrioInsert                            0x0800f679   Thumb Code    32  os_prio.o(.text)
    OS_PrioRemove                            0x0800f699   Thumb Code    32  os_prio.o(.text)
    OS_QDbgListAdd                           0x0800f6bd   Thumb Code    38  os_q.o(.text)
    OSQCreate                                0x0800f6e3   Thumb Code   186  os_q.o(.text)
    OS_QClr                                  0x0800f79d   Thumb Code    40  os_q.o(.text)
    OS_QDbgListRemove                        0x0800f7c5   Thumb Code    44  os_q.o(.text)
    OSQDel                                   0x0800f7f1   Thumb Code   362  os_q.o(.text)
    OSQFlush                                 0x0800f95b   Thumb Code   210  os_q.o(.text)
    OSQPend                                  0x0800fa2d   Thumb Code   538  os_q.o(.text)
    OSQPendAbort                             0x0800fc47   Thumb Code   292  os_q.o(.text)
    OS_QPost                                 0x0800fd6b   Thumb Code   324  os_q.o(.text)
    OSQPost                                  0x0800feaf   Thumb Code   198  os_q.o(.text)
    OS_QInit                                 0x0800ff75   Thumb Code    14  os_q.o(.text)
    OS_SemDbgListAdd                         0x0800ff95   Thumb Code    38  os_sem.o(.text)
    OSSemCreate                              0x0800ffbb   Thumb Code   172  os_sem.o(.text)
    OS_SemClr                                0x08010067   Thumb Code    28  os_sem.o(.text)
    OS_SemDbgListRemove                      0x08010083   Thumb Code    44  os_sem.o(.text)
    OSSemDel                                 0x080100af   Thumb Code   362  os_sem.o(.text)
    OSSemPend                                0x08010219   Thumb Code   504  os_sem.o(.text)
    OSSemPendAbort                           0x08010411   Thumb Code   292  os_sem.o(.text)
    OS_SemPost                               0x08010535   Thumb Code   350  os_sem.o(.text)
    OSSemPost                                0x08010693   Thumb Code   144  os_sem.o(.text)
    OSSemSet                                 0x08010723   Thumb Code   138  os_sem.o(.text)
    OS_SemInit                               0x080107ad   Thumb Code    14  os_sem.o(.text)
    OSStatReset                              0x080107c5   Thumb Code   270  os_stat.o(.text)
    OSStatTaskCPUUsageInit                   0x080108d3   Thumb Code   212  os_stat.o(.text)
    OS_StatTask                              0x080109a7   Thumb Code   888  os_stat.o(.text)
    OS_StatTaskInit                          0x08010d1f   Thumb Code   138  os_stat.o(.text)
    OSTaskChangePrio                         0x08010dfd   Thumb Code   416  os_task.o(.text)
    OS_TaskDbgListAdd                        0x08010f9d   Thumb Code    42  os_task.o(.text)
    OS_TaskInitTCB                           0x08010fc7   Thumb Code   186  os_task.o(.text)
    OSTaskCreate                             0x08011081   Thumb Code   616  os_task.o(.text)
    OS_TaskDbgListRemove                     0x080112e9   Thumb Code    64  os_task.o(.text)
    OSTaskDel                                0x08011329   Thumb Code   424  os_task.o(.text)
    OSTaskQFlush                             0x080114d1   Thumb Code   214  os_task.o(.text)
    OSTaskQPend                              0x080115a7   Thumb Code   554  os_task.o(.text)
    OSTaskQPendAbort                         0x080117d1   Thumb Code   242  os_task.o(.text)
    OS_TaskQPost                             0x080118c3   Thumb Code   526  os_task.o(.text)
    OSTaskQPost                              0x08011ad1   Thumb Code   114  os_task.o(.text)
    OSTaskRegGet                             0x08011b43   Thumb Code    78  os_task.o(.text)
    OSTaskRegGetID                           0x08011b91   Thumb Code    84  os_task.o(.text)
    OSTaskRegSet                             0x08011be5   Thumb Code    78  os_task.o(.text)
    OS_TaskResume                            0x08011c33   Thumb Code   314  os_task.o(.text)
    OSTaskResume                             0x08011d6d   Thumb Code   112  os_task.o(.text)
    OSTaskSemPend                            0x08011ddd   Thumb Code   550  os_task.o(.text)
    OSTaskSemPendAbort                       0x08012003   Thumb Code   270  os_task.o(.text)
    OS_TaskSemPost                           0x08012111   Thumb Code  1224  os_task.o(.text)
    OSTaskSemPost                            0x080125d9   Thumb Code    98  os_task.o(.text)
    OSTaskSemSet                             0x0801263b   Thumb Code    80  os_task.o(.text)
    OSTaskStkChk                             0x0801268b   Thumb Code   224  os_task.o(.text)
    OS_TaskSuspend                           0x0801276b   Thumb Code   328  os_task.o(.text)
    OSTaskSuspend                            0x080128b3   Thumb Code    78  os_task.o(.text)
    OSTaskTimeQuantaSet                      0x08012901   Thumb Code    96  os_task.o(.text)
    OS_TaskInit                              0x08012961   Thumb Code    18  os_task.o(.text)
    OS_TaskReturn                            0x08012973   Thumb Code    20  os_task.o(.text)
    OS_TickListRemove                        0x080129b1   Thumb Code    56  os_tick.o(.text)
    OS_TickListUpdate                        0x080129e9   Thumb Code   480  os_tick.o(.text)
    OS_TickTask                              0x08012bc9   Thumb Code    38  os_tick.o(.text)
    OS_TickListInit                          0x08012bef   Thumb Code    32  os_tick.o(.text)
    OS_TickTaskInit                          0x08012c0f   Thumb Code   130  os_tick.o(.text)
    OS_TickListInsert                        0x08012c91   Thumb Code   502  os_tick.o(.text)
    OS_TickListResetPeak                     0x08012e87   Thumb Code    28  os_tick.o(.text)
    OSTimeDly                                0x08012ead   Thumb Code   266  os_time.o(.text)
    OSTimeDlyHMSM                            0x08012fb7   Thumb Code   480  os_time.o(.text)
    OSTimeDlyResume                          0x08013197   Thumb Code   466  os_time.o(.text)
    OSTimeGet                                0x08013369   Thumb Code    46  os_time.o(.text)
    OSTimeSet                                0x08013397   Thumb Code    46  os_time.o(.text)
    OSTimeTick                               0x080133c5   Thumb Code    54  os_time.o(.text)
    OS_TmrDbgListAdd                         0x08013411   Thumb Code    34  os_tmr.o(.text)
    OSTmrCreate                              0x08013433   Thumb Code   248  os_tmr.o(.text)
    OS_TmrClr                                0x0801352b   Thumb Code    36  os_tmr.o(.text)
    OS_TmrUnlink                             0x0801354f   Thumb Code    72  os_tmr.o(.text)
    OS_TmrDbgListRemove                      0x08013597   Thumb Code    44  os_tmr.o(.text)
    OSTmrDel                                 0x080135c3   Thumb Code   176  os_tmr.o(.text)
    OSTmrRemainGet                           0x08013673   Thumb Code   184  os_tmr.o(.text)
    OS_TmrLink                               0x0801372b   Thumb Code   196  os_tmr.o(.text)
    OSTmrStart                               0x080137ef   Thumb Code   210  os_tmr.o(.text)
    OSTmrStateGet                            0x080138c1   Thumb Code   134  os_tmr.o(.text)
    OSTmrStop                                0x08013947   Thumb Code   232  os_tmr.o(.text)
    OS_TmrTask                               0x08013a2f   Thumb Code   176  os_tmr.o(.text)
    OS_TmrInit                               0x08013adf   Thumb Code   208  os_tmr.o(.text)
    OS_TmrResetPeak                          0x08013baf   Thumb Code    28  os_tmr.o(.text)
    OSIdleTaskHook                           0x08013c29   Thumb Code    16  os_cpu_c.o(.text)
    OSInitHook                               0x08013c39   Thumb Code    28  os_cpu_c.o(.text)
    OSStatTaskHook                           0x08013c55   Thumb Code    16  os_cpu_c.o(.text)
    OSTaskCreateHook                         0x08013c65   Thumb Code    20  os_cpu_c.o(.text)
    OSTaskDelHook                            0x08013c79   Thumb Code    20  os_cpu_c.o(.text)
    OSTaskReturnHook                         0x08013c8d   Thumb Code    20  os_cpu_c.o(.text)
    OSTaskStkInit                            0x08013ca1   Thumb Code   600  os_cpu_c.o(.text)
    OSTaskSwHook                             0x08013ef9   Thumb Code   120  os_cpu_c.o(.text)
    OSTimeTickHook                           0x08013f71   Thumb Code    16  os_cpu_c.o(.text)
    OS_CPU_SysTickHandler                    0x08013f81   Thumb Code    52  os_cpu_c.o(.text)
    OS_CPU_SysTickInit                       0x08013fb5   Thumb Code    44  os_cpu_c.o(.text)
    Control_Init                             0x08014021   Thumb Code    60  pwm.o(.text)
    PWM_Init                                 0x0801405d   Thumb Code  2392  pwm.o(.text)
    PWM_val                                  0x080149b5   Thumb Code    98  pwm.o(.text)
    CDH_Init                                 0x08014a29   Thumb Code   306  cdhdata.o(.text)
    CDH_read16_datan                         0x08014b5b   Thumb Code   288  cdhdata.o(.text)
    CDH_read_datan                           0x08014c7b   Thumb Code   546  cdhdata.o(.text)
    CDH_read_dataa                           0x08014e9d   Thumb Code  1626  cdhdata.o(.text)
    FindSpace                                0x080154f7   Thumb Code   436  cdhdata.o(.text)
    FindSpace1                               0x080156ab   Thumb Code   458  cdhdata.o(.text)
    uart4_init                               0x08015879   Thumb Code   236  uart4.o(.text)
    UART4_IRQHandler                         0x08015965   Thumb Code   166  uart4.o(.text)
    CalcCrc                                  0x08015a25   Thumb Code    58  modbus_slave.o(.text)
    errorsend                                0x08015a5f   Thumb Code   138  modbus_slave.o(.text)
    Recirve_10                               0x08015ae9   Thumb Code   162  modbus_slave.o(.text)
    Recirve_06                               0x08015b8b   Thumb Code   142  modbus_slave.o(.text)
    Recirve_05                               0x08015c19   Thumb Code   114  modbus_slave.o(.text)
    Recirve_04                               0x08015c8b   Thumb Code   224  modbus_slave.o(.text)
    Recirve_03                               0x08015d6b   Thumb Code   168  modbus_slave.o(.text)
    Recirve_02                               0x08015e13   Thumb Code   326  modbus_slave.o(.text)
    Recirve_01                               0x08015f59   Thumb Code   228  modbus_slave.o(.text)
    AnalyzeRecieve                           0x0801603d   Thumb Code   254  modbus_slave.o(.text)
    send_comm                                0x0801613b   Thumb Code    12  modbus_slave.o(.text)
    W25QXX_ReadID                            0x08016161   Thumb Code    64  w25qxx.o(.text)
    W25QXX_Init                              0x080161a1   Thumb Code    82  w25qxx.o(.text)
    W25QXX_ReadSR                            0x080161f3   Thumb Code    36  w25qxx.o(.text)
    W25QXX_Write_SR                          0x08016217   Thumb Code    32  w25qxx.o(.text)
    W25QXX_Write_Enable                      0x08016237   Thumb Code    24  w25qxx.o(.text)
    W25QXX_Write_Disable                     0x0801624f   Thumb Code    24  w25qxx.o(.text)
    W25QXX_Read                              0x08016267   Thumb Code    74  w25qxx.o(.text)
    W25QXX_Wait_Busy                         0x080162b1   Thumb Code    18  w25qxx.o(.text)
    W25QXX_Write_Page                        0x080162c3   Thumb Code    80  w25qxx.o(.text)
    W25QXX_Write_NoCheck                     0x08016313   Thumb Code    70  w25qxx.o(.text)
    W25QXX_Erase_Sector                      0x08016359   Thumb Code    62  w25qxx.o(.text)
    W25QXX_Write                             0x08016397   Thumb Code   180  w25qxx.o(.text)
    W25QXX_Erase_Chip                        0x0801644b   Thumb Code    36  w25qxx.o(.text)
    W25QXX_Read_16                           0x0801646f   Thumb Code    66  w25qxx.o(.text)
    W25QXX_Write_16                          0x080164b1   Thumb Code    70  w25qxx.o(.text)
    SPI2_ReadWriteByte                       0x08016515   Thumb Code    50  spi.o(.text)
    SPI2_Init                                0x08016547   Thumb Code   188  spi.o(.text)
    SPI2_SetSpeed                            0x08016603   Thumb Code    36  spi.o(.text)
    usart2_init                              0x08016631   Thumb Code   190  usart2.o(.text)
    USART2_IRQHandler                        0x080166ef   Thumb Code   236  usart2.o(.text)
    speek                                    0x08016801   Thumb Code    70  xf.o(.text)
    YS_XFS_Set                               0x08016847   Thumb Code    22  xf.o(.text)
    rensheng                                 0x0801685d   Thumb Code   154  xf.o(.text)
    yinling                                  0x080168f7   Thumb Code   246  xf.o(.text)
    yusu                                     0x080169ed   Thumb Code   246  xf.o(.text)
    yudiao                                   0x08016ae3   Thumb Code   246  xf.o(.text)
    usart6_init                              0x08016f8d   Thumb Code   190  usart6.o(.text)
    USART6_IRQHandler                        0x0801704b   Thumb Code    76  usart6.o(.text)
    usart3_init                              0x080170ad   Thumb Code   194  usart3.o(.text)
    USART3_IRQHandler                        0x0801716f   Thumb Code   124  usart3.o(.text)
    CalcCrc2                                 0x08017205   Thumb Code    58  modbus_slave_170m.o(.text)
    errorsend2                               0x0801723f   Thumb Code   132  modbus_slave_170m.o(.text)
    Recirve2_10                              0x080172c3   Thumb Code   156  modbus_slave_170m.o(.text)
    Recirve2_06                              0x0801735f   Thumb Code   128  modbus_slave_170m.o(.text)
    Recirve2_05                              0x080173df   Thumb Code   106  modbus_slave_170m.o(.text)
    Recirve2_04                              0x08017449   Thumb Code   218  modbus_slave_170m.o(.text)
    Recirve2_03                              0x08017523   Thumb Code   160  modbus_slave_170m.o(.text)
    Recirve2_02                              0x080175c3   Thumb Code   314  modbus_slave_170m.o(.text)
    Recirve2_01                              0x080176fd   Thumb Code   224  modbus_slave_170m.o(.text)
    AnalyzeRecieve2                          0x080177dd   Thumb Code   262  modbus_slave_170m.o(.text)
    send2_comm                               0x080178e3   Thumb Code    12  modbus_slave_170m.o(.text)
    PID_Init                                 0x0801790d   Thumb Code    44  pid.o(.text)
    PID1_Init                                0x08017939   Thumb Code    44  pid.o(.text)
    PID4_Init                                0x08017965   Thumb Code    44  pid.o(.text)
    PosPIDCalc                               0x08017991   Thumb Code  3150  pid.o(.text)
    IncPIDCalc                               0x080185df   Thumb Code   216  pid.o(.text)
    Zi_Dong                                  0x080186c1   Thumb Code    22  control.o(.text)
    Shou_Dong                                0x080186d7   Thumb Code    34  control.o(.text)
    Qian_Jin                                 0x080186f9   Thumb Code    22  control.o(.text)
    Hou_Zuo                                  0x0801870f   Thumb Code    22  control.o(.text)
    Hou_You                                  0x08018725   Thumb Code    22  control.o(.text)
    Ting_Zhi                                 0x0801873b   Thumb Code    22  control.o(.text)
    Ruan_Qi                                  0x08018751   Thumb Code    50  control.o(.text)
    Qi_Dong                                  0x08018783   Thumb Code    50  control.o(.text)
    Zuo_Fen                                  0x080187b5   Thumb Code    14  control.o(.text)
    Zhong_Fen                                0x080187c3   Thumb Code    14  control.o(.text)
    You_Fen                                  0x080187d1   Thumb Code    14  control.o(.text)
    Cha_Sheng                                0x080187df   Thumb Code    90  control.o(.text)
    Cha_Jiang                                0x08018839   Thumb Code    40  control.o(.text)
    BAOHU_Init                               0x0801888d   Thumb Code    44  baohu.o(.text)
    __use_no_semihosting                     0x080188bd   Thumb Code     2  use_no_semi_2.o(.text)
    __aeabi_uldivmod                         0x080188bf   Thumb Code     0  lludivv7m.o(.text)
    _ll_udiv                                 0x080188bf   Thumb Code   238  lludivv7m.o(.text)
    strstr                                   0x080189ad   Thumb Code    36  strstr.o(.text)
    strlen                                   0x080189d1   Thumb Code    62  strlen.o(.text)
    __aeabi_memcpy                           0x08018a0f   Thumb Code     0  rt_memcpy_v6.o(.text)
    __rt_memcpy                              0x08018a0f   Thumb Code   138  rt_memcpy_v6.o(.text)
    _memcpy_lastbytes                        0x08018a75   Thumb Code     0  rt_memcpy_v6.o(.text)
    __aeabi_memclr                           0x08018a99   Thumb Code     0  rt_memclr.o(.text)
    __rt_memclr                              0x08018a99   Thumb Code    68  rt_memclr.o(.text)
    _memset                                  0x08018a9d   Thumb Code     0  rt_memclr.o(.text)
    __use_two_region_memory                  0x08018add   Thumb Code     2  heapauxi.o(.text)
    __rt_heap_escrow$2region                 0x08018adf   Thumb Code     2  heapauxi.o(.text)
    __rt_heap_expand$2region                 0x08018ae1   Thumb Code     2  heapauxi.o(.text)
    __I$use$semihosting                      0x08018ae3   Thumb Code     0  use_no_semi.o(.text)
    __use_no_semihosting_swi                 0x08018ae3   Thumb Code     2  use_no_semi.o(.text)
    __aeabi_memcpy4                          0x08018ae5   Thumb Code     0  rt_memcpy_w.o(.text)
    __aeabi_memcpy8                          0x08018ae5   Thumb Code     0  rt_memcpy_w.o(.text)
    __rt_memcpy_w                            0x08018ae5   Thumb Code   100  rt_memcpy_w.o(.text)
    _memcpy_lastbytes_aligned                0x08018b2d   Thumb Code     0  rt_memcpy_w.o(.text)
    __aeabi_memclr4                          0x08018b49   Thumb Code     0  rt_memclr_w.o(.text)
    __aeabi_memclr8                          0x08018b49   Thumb Code     0  rt_memclr_w.o(.text)
    __rt_memclr_w                            0x08018b49   Thumb Code    78  rt_memclr_w.o(.text)
    _memset_w                                0x08018b4d   Thumb Code     0  rt_memclr_w.o(.text)
    __user_setup_stackheap                   0x08018b97   Thumb Code    74  sys_stackheap_outer.o(.text)
    exit                                     0x08018be1   Thumb Code    12  exit.o(.text)
    __user_libspace                          0x08018bed   Thumb Code     8  libspace.o(.text)
    __user_perproc_libspace                  0x08018bed   Thumb Code     0  libspace.o(.text)
    __user_perthread_libspace                0x08018bed   Thumb Code     0  libspace.o(.text)
    OSStartHighRdy                           0x08018bf5   Thumb Code     0  os_cpu_a.o(CODE)
    OSCtxSw                                  0x08018c17   Thumb Code     0  os_cpu_a.o(CODE)
    OSIntCtxSw                               0x08018c21   Thumb Code     0  os_cpu_a.o(CODE)
    PendSV_Handler                           0x08018c2b   Thumb Code     0  os_cpu_a.o(CODE)
    __hardfp_fabs                            0x08018ca1   Thumb Code    20  fabs.o(i.__hardfp_fabs)
    __aeabi_dadd                             0x08018cb5   Thumb Code     0  daddsub_clz.o(x$fpl$dadd)
    _dadd                                    0x08018cb5   Thumb Code   332  daddsub_clz.o(x$fpl$dadd)
    __fpl_dcmp_Inf                           0x08018e05   Thumb Code    24  dcmpi.o(x$fpl$dcmpinf)
    __aeabi_ddiv                             0x08018e1d   Thumb Code     0  ddiv.o(x$fpl$ddiv)
    _ddiv                                    0x08018e1d   Thumb Code   552  ddiv.o(x$fpl$ddiv)
    __aeabi_d2iz                             0x080190cd   Thumb Code     0  dfix.o(x$fpl$dfix)
    _dfix                                    0x080190cd   Thumb Code    94  dfix.o(x$fpl$dfix)
    __aeabi_d2uiz                            0x0801912d   Thumb Code     0  dfixu.o(x$fpl$dfixu)
    _dfixu                                   0x0801912d   Thumb Code    90  dfixu.o(x$fpl$dfixu)
    __aeabi_i2d                              0x08019187   Thumb Code     0  dflt_clz.o(x$fpl$dflt)
    _dflt                                    0x08019187   Thumb Code    46  dflt_clz.o(x$fpl$dflt)
    __aeabi_ui2d                             0x080191b5   Thumb Code     0  dflt_clz.o(x$fpl$dfltu)
    _dfltu                                   0x080191b5   Thumb Code    38  dflt_clz.o(x$fpl$dfltu)
    __aeabi_cdcmple                          0x080191dd   Thumb Code     0  dleqf.o(x$fpl$dleqf)
    _dcmple                                  0x080191dd   Thumb Code   120  dleqf.o(x$fpl$dleqf)
    __fpl_dcmple_InfNaN                      0x0801923f   Thumb Code     0  dleqf.o(x$fpl$dleqf)
    __aeabi_dmul                             0x08019255   Thumb Code     0  dmul.o(x$fpl$dmul)
    _dmul                                    0x08019255   Thumb Code   332  dmul.o(x$fpl$dmul)
    __fpl_dnaninf                            0x080193a9   Thumb Code   156  dnaninf.o(x$fpl$dnaninf)
    __fpl_dretinf                            0x08019445   Thumb Code    12  dretinf.o(x$fpl$dretinf)
    __aeabi_cdrcmple                         0x08019451   Thumb Code     0  drleqf.o(x$fpl$drleqf)
    _drcmple                                 0x08019451   Thumb Code   108  drleqf.o(x$fpl$drleqf)
    __aeabi_dsub                             0x080194bd   Thumb Code     0  daddsub_clz.o(x$fpl$dsub)
    _dsub                                    0x080194bd   Thumb Code   464  daddsub_clz.o(x$fpl$dsub)
    _fp_init                                 0x08019691   Thumb Code    10  fpinit.o(x$fpl$fpinit)
    __fplib_config_fpu_vfp                   0x08019699   Thumb Code     0  fpinit.o(x$fpl$fpinit)
    __fplib_config_pureend_doubles           0x08019699   Thumb Code     0  fpinit.o(x$fpl$fpinit)
    __I$use$fp                               0x0801969a   Number         0  usenofp.o(x$fpl$usenofp)
    CPU_EndiannessTest                       0x0801979c   Data           4  cpu_core.o(.constdata)
    OSCfg_IdleTaskStkBasePtr                 0x08019834   Data           4  os_cfg_app.o(.constdata)
    OSCfg_IdleTaskStkLimit                   0x08019838   Data           4  os_cfg_app.o(.constdata)
    OSCfg_IdleTaskStkSize                    0x0801983c   Data           4  os_cfg_app.o(.constdata)
    OSCfg_IdleTaskStkSizeRAM                 0x08019840   Data           4  os_cfg_app.o(.constdata)
    OSCfg_IntQBasePtr                        0x08019844   Data           4  os_cfg_app.o(.constdata)
    OSCfg_IntQSize                           0x08019848   Data           2  os_cfg_app.o(.constdata)
    OSCfg_IntQSizeRAM                        0x0801984c   Data           4  os_cfg_app.o(.constdata)
    OSCfg_IntQTaskStkBasePtr                 0x08019850   Data           4  os_cfg_app.o(.constdata)
    OSCfg_IntQTaskStkLimit                   0x08019854   Data           4  os_cfg_app.o(.constdata)
    OSCfg_IntQTaskStkSize                    0x08019858   Data           4  os_cfg_app.o(.constdata)
    OSCfg_IntQTaskStkSizeRAM                 0x0801985c   Data           4  os_cfg_app.o(.constdata)
    OSCfg_ISRStkBasePtr                      0x08019860   Data           4  os_cfg_app.o(.constdata)
    OSCfg_ISRStkSize                         0x08019864   Data           4  os_cfg_app.o(.constdata)
    OSCfg_ISRStkSizeRAM                      0x08019868   Data           4  os_cfg_app.o(.constdata)
    OSCfg_MsgPoolSize                        0x0801986c   Data           2  os_cfg_app.o(.constdata)
    OSCfg_MsgPoolSizeRAM                     0x08019870   Data           4  os_cfg_app.o(.constdata)
    OSCfg_MsgPoolBasePtr                     0x08019874   Data           4  os_cfg_app.o(.constdata)
    OSCfg_StatTaskPrio                       0x08019878   Data           1  os_cfg_app.o(.constdata)
    OSCfg_StatTaskRate_Hz                    0x0801987c   Data           4  os_cfg_app.o(.constdata)
    OSCfg_StatTaskStkBasePtr                 0x08019880   Data           4  os_cfg_app.o(.constdata)
    OSCfg_StatTaskStkLimit                   0x08019884   Data           4  os_cfg_app.o(.constdata)
    OSCfg_StatTaskStkSize                    0x08019888   Data           4  os_cfg_app.o(.constdata)
    OSCfg_StatTaskStkSizeRAM                 0x0801988c   Data           4  os_cfg_app.o(.constdata)
    OSCfg_StkSizeMin                         0x08019890   Data           4  os_cfg_app.o(.constdata)
    OSCfg_TickRate_Hz                        0x08019894   Data           4  os_cfg_app.o(.constdata)
    OSCfg_TickTaskPrio                       0x08019898   Data           1  os_cfg_app.o(.constdata)
    OSCfg_TickTaskStkBasePtr                 0x0801989c   Data           4  os_cfg_app.o(.constdata)
    OSCfg_TickTaskStkLimit                   0x080198a0   Data           4  os_cfg_app.o(.constdata)
    OSCfg_TickTaskStkSize                    0x080198a4   Data           4  os_cfg_app.o(.constdata)
    OSCfg_TickTaskStkSizeRAM                 0x080198a8   Data           4  os_cfg_app.o(.constdata)
    OSCfg_TickWheelSize                      0x080198ac   Data           2  os_cfg_app.o(.constdata)
    OSCfg_TickWheelSizeRAM                   0x080198b0   Data           4  os_cfg_app.o(.constdata)
    OSCfg_TmrTaskPrio                        0x080198b4   Data           1  os_cfg_app.o(.constdata)
    OSCfg_TmrTaskRate_Hz                     0x080198b8   Data           4  os_cfg_app.o(.constdata)
    OSCfg_TmrTaskStkBasePtr                  0x080198bc   Data           4  os_cfg_app.o(.constdata)
    OSCfg_TmrTaskStkLimit                    0x080198c0   Data           4  os_cfg_app.o(.constdata)
    OSCfg_TmrTaskStkSize                     0x080198c4   Data           4  os_cfg_app.o(.constdata)
    OSCfg_TmrTaskStkSizeRAM                  0x080198c8   Data           4  os_cfg_app.o(.constdata)
    OSCfg_TmrWheelSize                       0x080198cc   Data           2  os_cfg_app.o(.constdata)
    OSCfg_TmrWheelSizeRAM                    0x080198d0   Data           4  os_cfg_app.o(.constdata)
    OSCfg_DataSizeRAM                        0x080198d4   Data           4  os_cfg_app.o(.constdata)
    OSDbg_DbgEn                              0x080198d8   Data           2  os_dbg.o(.constdata)
    OSDbg_ArgChkEn                           0x080198da   Data           1  os_dbg.o(.constdata)
    OSDbg_AppHooksEn                         0x080198db   Data           1  os_dbg.o(.constdata)
    OSDbg_EndiannessTest                     0x080198dc   Data           4  os_dbg.o(.constdata)
    OSDbg_CalledFromISRChkEn                 0x080198e0   Data           1  os_dbg.o(.constdata)
    OSDbg_FlagEn                             0x080198e1   Data           1  os_dbg.o(.constdata)
    OSDbg_FlagGrp                            0x080198e4   Data          40  os_dbg.o(.constdata)
    OSDbg_FlagDelEn                          0x0801990c   Data           1  os_dbg.o(.constdata)
    OSDbg_FlagModeClrEn                      0x0801990d   Data           1  os_dbg.o(.constdata)
    OSDbg_FlagPendAbortEn                    0x0801990e   Data           1  os_dbg.o(.constdata)
    OSDbg_FlagGrpSize                        0x08019910   Data           2  os_dbg.o(.constdata)
    OSDbg_FlagWidth                          0x08019912   Data           2  os_dbg.o(.constdata)
    OSDbg_IntQ                               0x08019914   Data           2  os_dbg.o(.constdata)
    OSDbg_ISRPostDeferredEn                  0x08019916   Data           1  os_dbg.o(.constdata)
    OSDbg_Mem                                0x08019918   Data          32  os_dbg.o(.constdata)
    OSDbg_MemEn                              0x08019938   Data           1  os_dbg.o(.constdata)
    OSDbg_MemSize                            0x0801993a   Data           2  os_dbg.o(.constdata)
    OSDbg_MsgEn                              0x0801993c   Data           1  os_dbg.o(.constdata)
    OSDbg_MsgSize                            0x0801993e   Data           2  os_dbg.o(.constdata)
    OSDbg_MsgPoolSize                        0x08019940   Data           2  os_dbg.o(.constdata)
    OSDbg_MsgQSize                           0x08019942   Data           2  os_dbg.o(.constdata)
    OSDbg_Mutex                              0x08019944   Data          44  os_dbg.o(.constdata)
    OSDbg_MutexEn                            0x08019970   Data           1  os_dbg.o(.constdata)
    OSDbg_MutexDelEn                         0x08019971   Data           1  os_dbg.o(.constdata)
    OSDbg_MutexPendAbortEn                   0x08019972   Data           1  os_dbg.o(.constdata)
    OSDbg_MutexSize                          0x08019974   Data           2  os_dbg.o(.constdata)
    OSDbg_ObjTypeChkEn                       0x08019976   Data           1  os_dbg.o(.constdata)
    OSDbg_PendMultiEn                        0x08019977   Data           1  os_dbg.o(.constdata)
    OSDbg_PendDataSize                       0x08019978   Data           2  os_dbg.o(.constdata)
    OSDbg_PendListSize                       0x0801997a   Data           2  os_dbg.o(.constdata)
    OSDbg_PendObjSize                        0x0801997c   Data           2  os_dbg.o(.constdata)
    OSDbg_PrioMax                            0x0801997e   Data           2  os_dbg.o(.constdata)
    OSDbg_PrioTblSize                        0x08019980   Data           2  os_dbg.o(.constdata)
    OSDbg_PtrSize                            0x08019982   Data           2  os_dbg.o(.constdata)
    OSDbg_Q                                  0x08019984   Data          48  os_dbg.o(.constdata)
    OSDbg_QEn                                0x080199b4   Data           1  os_dbg.o(.constdata)
    OSDbg_QDelEn                             0x080199b5   Data           1  os_dbg.o(.constdata)
    OSDbg_QFlushEn                           0x080199b6   Data           1  os_dbg.o(.constdata)
    OSDbg_QPendAbortEn                       0x080199b7   Data           1  os_dbg.o(.constdata)
    OSDbg_QSize                              0x080199b8   Data           2  os_dbg.o(.constdata)
    OSDbg_SchedRoundRobinEn                  0x080199ba   Data           1  os_dbg.o(.constdata)
    OSDbg_Sem                                0x080199bc   Data          40  os_dbg.o(.constdata)
    OSDbg_SemEn                              0x080199e4   Data           1  os_dbg.o(.constdata)
    OSDbg_SemDelEn                           0x080199e5   Data           1  os_dbg.o(.constdata)
    OSDbg_SemPendAbortEn                     0x080199e6   Data           1  os_dbg.o(.constdata)
    OSDbg_SemSetEn                           0x080199e7   Data           1  os_dbg.o(.constdata)
    OSDbg_SemSize                            0x080199e8   Data           2  os_dbg.o(.constdata)
    OSDbg_RdyList                            0x080199ea   Data           2  os_dbg.o(.constdata)
    OSDbg_RdyListSize                        0x080199ec   Data           4  os_dbg.o(.constdata)
    OSDbg_StkWidth                           0x080199f0   Data           1  os_dbg.o(.constdata)
    OSDbg_StatTaskEn                         0x080199f1   Data           1  os_dbg.o(.constdata)
    OSDbg_StatTaskStkChkEn                   0x080199f2   Data           1  os_dbg.o(.constdata)
    OSDbg_TaskChangePrioEn                   0x080199f3   Data           1  os_dbg.o(.constdata)
    OSDbg_TaskDelEn                          0x080199f4   Data           1  os_dbg.o(.constdata)
    OSDbg_TaskQEn                            0x080199f5   Data           1  os_dbg.o(.constdata)
    OSDbg_TaskQPendAbortEn                   0x080199f6   Data           1  os_dbg.o(.constdata)
    OSDbg_TaskProfileEn                      0x080199f7   Data           1  os_dbg.o(.constdata)
    OSDbg_TaskRegTblSize                     0x080199f8   Data           2  os_dbg.o(.constdata)
    OSDbg_TaskSemPendAbortEn                 0x080199fa   Data           1  os_dbg.o(.constdata)
    OSDbg_TaskSuspendEn                      0x080199fb   Data           1  os_dbg.o(.constdata)
    OSDbg_TCBSize                            0x080199fc   Data           2  os_dbg.o(.constdata)
    OSDbg_TickSpokeSize                      0x080199fe   Data           2  os_dbg.o(.constdata)
    OSDbg_TimeDlyHMSMEn                      0x08019a00   Data           1  os_dbg.o(.constdata)
    OSDbg_TimeDlyResumeEn                    0x08019a01   Data           1  os_dbg.o(.constdata)
    OSDbg_TLS_TblSize                        0x08019a02   Data           2  os_dbg.o(.constdata)
    OSDbg_Tmr                                0x08019a04   Data          52  os_dbg.o(.constdata)
    OSDbg_TmrEn                              0x08019a38   Data           1  os_dbg.o(.constdata)
    OSDbg_TmrDelEn                           0x08019a39   Data           1  os_dbg.o(.constdata)
    OSDbg_TmrSize                            0x08019a3a   Data           2  os_dbg.o(.constdata)
    OSDbg_TmrSpokeSize                       0x08019a3c   Data           2  os_dbg.o(.constdata)
    OSDbg_VersionNbr                         0x08019a3e   Data           2  os_dbg.o(.constdata)
    OSDbg_DataSize                           0x08019a40   Data           4  os_dbg.o(.constdata)
    Region$$Table$$Base                      0x08019a44   Number         0  anon$$obj.o(Region$$Table)
    Region$$Table$$Limit                     0x08019a64   Number         0  anon$$obj.o(Region$$Table)
    lastscreenNum                            0x20000000   Data           1  main.o(.data)
    Bi_Zhang_flag                            0x20000001   Data           1  main.o(.data)
    Chu_Gui_dir                              0x20000002   Data           1  main.o(.data)
    speed                                    0x20000004   Data           2  main.o(.data)
    speed_ture                               0x20000006   Data           2  main.o(.data)
    Police_flag                              0x20000008   Data           1  main.o(.data)
    QBZ_Yflag                                0x20000009   Data           1  main.o(.data)
    QBZ_Jflag                                0x2000000a   Data           1  main.o(.data)
    HBZ_flag                                 0x2000000b   Data           1  main.o(.data)
    Mode_flag                                0x2000000c   Data           1  main.o(.data)
    last_flag                                0x2000000d   Data           1  main.o(.data)
    FX_flag                                  0x2000000e   Data           1  main.o(.data)
    QD_flag                                  0x2000000f   Data           1  main.o(.data)
    road_mode                                0x20000010   Data           1  main.o(.data)
    FC_flag                                  0x20000011   Data           1  main.o(.data)
    tz_flag                                  0x20000012   Data           1  main.o(.data)
    qj_flag                                  0x20000013   Data           1  main.o(.data)
    htz_flag                                 0x20000014   Data           1  main.o(.data)
    hty_flag                                 0x20000015   Data           1  main.o(.data)
    Xuan_Zhuang_Ci_Shu                       0x20000016   Data           2  main.o(.data)
    CDH12_data                               0x20000018   Data           2  main.o(.data)
    lastCDH12_data                           0x2000001a   Data           2  main.o(.data)
    CDH3_data                                0x2000001c   Data           1  main.o(.data)
    lastCDH3_data                            0x2000001d   Data           1  main.o(.data)
    CDH4_data                                0x2000001e   Data           1  main.o(.data)
    CDH5_data                                0x2000001f   Data           1  main.o(.data)
    lastCDH4_data                            0x20000020   Data           1  main.o(.data)
    lastCDH5_data                            0x20000021   Data           1  main.o(.data)
    ture_numF                                0x20000022   Data           1  main.o(.data)
    ture_numL                                0x20000023   Data           1  main.o(.data)
    ture_numR                                0x20000024   Data           1  main.o(.data)
    CDH12_num                                0x20000026   Data           2  main.o(.data)
    Last_CDH12_num                           0x20000028   Data           2  main.o(.data)
    CDH1_num                                 0x2000002a   Data           1  main.o(.data)
    CDH2_num                                 0x2000002b   Data           1  main.o(.data)
    CDH3_num                                 0x2000002c   Data           1  main.o(.data)
    deg                                      0x20000030   Data           4  main.o(.data)
    keynumber                                0x20000034   Data           2  main.o(.data)
    ADC_POWER                                0x20000038   Data           8  main.o(.data)
    time                                     0x20000040   Data           2  main.o(.data)
    yuyin_flag                               0x20000042   Data           1  main.o(.data)
    Yuyin                                    0x20000044   Data           8  main.o(.data)
    low_speed                                0x2000004c   Data           2  main.o(.data)
    middle_speed                             0x2000004e   Data           2  main.o(.data)
    high_speed                               0x20000050   Data           2  main.o(.data)
    mima                                     0x20000054   Data           4  main.o(.data)
    SystemCoreClock                          0x20000058   Data           4  system_stm32f4xx.o(.data)
    AHBPrescTable                            0x2000005c   Data          16  system_stm32f4xx.o(.data)
    can_Sebuf                                0x2000006c   Data           3  can.o(.data)
    can_Rebuf                                0x2000006f   Data           2  can.o(.data)
    OutPut                                   0x20000071   Data          10  can.o(.data)
    Input                                    0x2000007b   Data          10  can.o(.data)
    canbuf                                   0x20000085   Data           8  can.o(.data)
    CDH16                                    0x2000008e   Data           2  can.o(.data)
    canbuf1                                  0x20000090   Data           8  can.o(.data)
    canbuf2                                  0x20000098   Data           8  can.o(.data)
    canbuf3                                  0x200000a0   Data           8  can.o(.data)
    CDH8_1                                   0x200000a8   Data           1  can.o(.data)
    CDH8_2                                   0x200000a9   Data           1  can.o(.data)
    CDH8_3                                   0x200000aa   Data           1  can.o(.data)
    rece_index                               0x200000ab   Data           1  dma.o(.data)
    rece2_index                              0x200000ac   Data           1  dma.o(.data)
    rece6_index                              0x200000ad   Data           1  dma.o(.data)
    rece3_index                              0x200000ae   Data           1  dma.o(.data)
    u6sendflag                               0x200000af   Data           1  dma.o(.data)
    __stdout                                 0x200000c4   Data           4  usart.o(.data)
    USART_RX_STA                             0x200000c8   Data           2  usart.o(.data)
    HmiRouteNumFlag                          0x200000ca   Data           2  route.o(.data)
    HmiRouteCopiedNumTemp                    0x200000cc   Data           2  route.o(.data)
    HmiProcessNumFlag                        0x200000ce   Data           2  route.o(.data)
    HmiProcessCopiedNumTemp                  0x200000d0   Data           2  route.o(.data)
    readstate                                0x200000d2   Data           1  read.o(.data)
    lujing_readstate                         0x200000d3   Data           1  read.o(.data)
    zhandian_readstate                       0x200000d4   Data           1  read.o(.data)
    liucheng_readstate                       0x200000d5   Data           1  read.o(.data)
    xuhao_readstate                          0x200000d6   Data           1  read.o(.data)
    sum                                      0x200000d8   Data           2  read.o(.data)
    parment_number                           0x200000da   Data           2  read.o(.data)
    lujing_number                            0x200000dc   Data           2  read.o(.data)
    i                                        0x200000de   Data           2  read.o(.data)
    liucheng_number                          0x200000e0   Data           2  read.o(.data)
    zhandian_number                          0x200000e2   Data           2  read.o(.data)
    xuhao_number                             0x200000e4   Data           2  read.o(.data)
    zhandian_sum                             0x200000e6   Data           2  read.o(.data)
    xuhao_sum                                0x200000e8   Data           2  read.o(.data)
    rout_number                              0x200000ea   Data           2  read.o(.data)
    CPU_TS_TmrFreq_Hz                        0x200000ec   Data           4  cpu_core.o(.data)
    Mem_PoolTbl                              0x200000f0   Data           4  lib_mem.o(.data)
    OSPrioTbl                                0x200000f4   Data           8  os_prio.o(.data)
    OS_AppTaskCreateHookPtr                  0x200000fc   Data           4  os_var.o(.data)
    OS_AppTaskDelHookPtr                     0x20000100   Data           4  os_var.o(.data)
    OS_AppTaskReturnHookPtr                  0x20000104   Data           4  os_var.o(.data)
    OS_AppIdleTaskHookPtr                    0x20000108   Data           4  os_var.o(.data)
    OS_AppStatTaskHookPtr                    0x2000010c   Data           4  os_var.o(.data)
    OS_AppTaskSwHookPtr                      0x20000110   Data           4  os_var.o(.data)
    OS_AppTimeTickHookPtr                    0x20000114   Data           4  os_var.o(.data)
    OSIdleTaskCtr                            0x20000118   Data           4  os_var.o(.data)
    OSIntNestingCtr                          0x2000011c   Data           1  os_var.o(.data)
    OSRunning                                0x2000011d   Data           1  os_var.o(.data)
    OSIntQInPtr                              0x20000120   Data           4  os_var.o(.data)
    OSIntQOutPtr                             0x20000124   Data           4  os_var.o(.data)
    OSIntQNbrEntries                         0x20000128   Data           2  os_var.o(.data)
    OSIntQNbrEntriesMax                      0x2000012a   Data           2  os_var.o(.data)
    OSIntQOvfCtr                             0x2000012c   Data           2  os_var.o(.data)
    OSIntQTaskTimeMax                        0x20000130   Data           4  os_var.o(.data)
    OSFlagDbgListPtr                         0x20000134   Data           4  os_var.o(.data)
    OSFlagQty                                0x20000138   Data           2  os_var.o(.data)
    OSMemDbgListPtr                          0x2000013c   Data           4  os_var.o(.data)
    OSMemQty                                 0x20000140   Data           2  os_var.o(.data)
    OSMutexDbgListPtr                        0x20000144   Data           4  os_var.o(.data)
    OSMutexQty                               0x20000148   Data           2  os_var.o(.data)
    OSPrioCur                                0x2000014a   Data           1  os_var.o(.data)
    OSPrioHighRdy                            0x2000014b   Data           1  os_var.o(.data)
    OSPrioSaved                              0x2000014c   Data           1  os_var.o(.data)
    OSQDbgListPtr                            0x20000150   Data           4  os_var.o(.data)
    OSQQty                                   0x20000154   Data           2  os_var.o(.data)
    OSSchedLockTimeBegin                     0x20000158   Data           4  os_var.o(.data)
    OSSchedLockTimeMax                       0x2000015c   Data           4  os_var.o(.data)
    OSSchedLockTimeMaxCur                    0x20000160   Data           4  os_var.o(.data)
    OSSchedLockNestingCtr                    0x20000164   Data           1  os_var.o(.data)
    OSSchedRoundRobinDfltTimeQuanta          0x20000168   Data           4  os_var.o(.data)
    OSSchedRoundRobinEn                      0x2000016c   Data           1  os_var.o(.data)
    OSSemDbgListPtr                          0x20000170   Data           4  os_var.o(.data)
    OSSemQty                                 0x20000174   Data           2  os_var.o(.data)
    OSStatResetFlag                          0x20000176   Data           1  os_var.o(.data)
    OSStatTaskCPUUsage                       0x20000178   Data           2  os_var.o(.data)
    OSStatTaskCPUUsageMax                    0x2000017a   Data           2  os_var.o(.data)
    OSStatTaskCtr                            0x2000017c   Data           4  os_var.o(.data)
    OSStatTaskCtrMax                         0x20000180   Data           4  os_var.o(.data)
    OSStatTaskCtrRun                         0x20000184   Data           4  os_var.o(.data)
    OSStatTaskRdy                            0x20000188   Data           1  os_var.o(.data)
    OSStatTaskTimeMax                        0x2000018c   Data           4  os_var.o(.data)
    OSTaskCtxSwCtr                           0x20000190   Data           4  os_var.o(.data)
    OSTaskDbgListPtr                         0x20000194   Data           4  os_var.o(.data)
    OSTaskQty                                0x20000198   Data           2  os_var.o(.data)
    OSTaskRegNextAvailID                     0x2000019a   Data           1  os_var.o(.data)
    OSTickCtr                                0x2000019c   Data           4  os_var.o(.data)
    OSTickTaskTimeMax                        0x200001a0   Data           4  os_var.o(.data)
    OSTmrDbgListPtr                          0x200001a4   Data           4  os_var.o(.data)
    OSTmrQty                                 0x200001a8   Data           2  os_var.o(.data)
    OSTmrTaskTimeMax                         0x200001ac   Data           4  os_var.o(.data)
    OSTmrTickCtr                             0x200001b0   Data           4  os_var.o(.data)
    OSTmrUpdateCnt                           0x200001b4   Data           4  os_var.o(.data)
    OSTmrUpdateCtr                           0x200001b8   Data           4  os_var.o(.data)
    OSTCBCurPtr                              0x200001bc   Data           4  os_var.o(.data)
    OSTCBHighRdyPtr                          0x200001c0   Data           4  os_var.o(.data)
    OS_CPU_ExceptStkBase                     0x200001c4   Data           4  os_cpu_c.o(.data)
    arr1                                     0x200001c8   Data           2  pwm.o(.data)
    val1                                     0x200001ca   Data           2  pwm.o(.data)
    val2                                     0x200001cc   Data           2  pwm.o(.data)
    n                                        0x200001ce   Data           1  cdhdata.o(.data)
    a                                        0x200001cf   Data           1  cdhdata.o(.data)
    sendlength                               0x200001d0   Data           2  modbus_slave.o(.data)
    W25QXX_TYPE                              0x200001d2   Data           2  w25qxx.o(.data)
    BEEP_flag                                0x200001d4   Data           1  usart2.o(.data)
    XFS_StopCom                              0x200001d5   Data           4  xf.o(.data)
    XFS_SuspendCom                           0x200001d9   Data           4  xf.o(.data)
    XFS_RecoverCom                           0x200001dd   Data           4  xf.o(.data)
    XFS_ChackCom                             0x200001e1   Data           4  xf.o(.data)
    XFS_PowerDownCom                         0x200001e5   Data           4  xf.o(.data)
    XIAO_YAN                                 0x200001e9   Data           9  xf.o(.data)
    XU_JIU                                   0x200001f2   Data          10  xf.o(.data)
    YU_DUO                                   0x200001fc   Data          10  xf.o(.data)
    XIAO_PING                                0x20000206   Data          10  xf.o(.data)
    LAO_YA                                   0x20000210   Data          10  xf.o(.data)
    XIAO_BAO                                 0x2000021a   Data          10  xf.o(.data)
    YIN_LIANG0                               0x20000224   Data           9  xf.o(.data)
    YIN_LIANG1                               0x2000022d   Data           9  xf.o(.data)
    YIN_LIANG2                               0x20000236   Data           9  xf.o(.data)
    YIN_LIANG3                               0x2000023f   Data           9  xf.o(.data)
    YIN_LIANG4                               0x20000248   Data           9  xf.o(.data)
    YIN_LIANG5                               0x20000251   Data           9  xf.o(.data)
    YIN_LIANG6                               0x2000025a   Data           9  xf.o(.data)
    YIN_LIANG7                               0x20000263   Data           9  xf.o(.data)
    YIN_LIANG8                               0x2000026c   Data           9  xf.o(.data)
    YIN_LIANG9                               0x20000275   Data           9  xf.o(.data)
    YIN_SU0                                  0x2000027e   Data           9  xf.o(.data)
    YIN_SU1                                  0x20000287   Data           9  xf.o(.data)
    YIN_SU2                                  0x20000290   Data           9  xf.o(.data)
    YIN_SU3                                  0x20000299   Data           9  xf.o(.data)
    YIN_SU4                                  0x200002a2   Data           9  xf.o(.data)
    YIN_SU5                                  0x200002ab   Data           9  xf.o(.data)
    YIN_SU6                                  0x200002b4   Data           9  xf.o(.data)
    YIN_SU7                                  0x200002bd   Data           9  xf.o(.data)
    YIN_SU8                                  0x200002c6   Data           9  xf.o(.data)
    YIN_SU9                                  0x200002cf   Data           9  xf.o(.data)
    YIN_DIAO0                                0x200002d8   Data           9  xf.o(.data)
    YIN_DIAO1                                0x200002e1   Data           9  xf.o(.data)
    YIN_DIAO2                                0x200002ea   Data           9  xf.o(.data)
    YIN_DIAO3                                0x200002f3   Data           9  xf.o(.data)
    YIN_DIAO4                                0x200002fc   Data           9  xf.o(.data)
    YIN_DIAO5                                0x20000305   Data           9  xf.o(.data)
    YIN_DIAO6                                0x2000030e   Data           9  xf.o(.data)
    YIN_DIAO7                                0x20000317   Data           9  xf.o(.data)
    YIN_DIAO8                                0x20000320   Data           9  xf.o(.data)
    YIN_DIAO9                                0x20000329   Data           9  xf.o(.data)
    receive_ok                               0x20000332   Data           2  usart6.o(.data)
    send_ok                                  0x20000334   Data           1  usart6.o(.data)
    STATIONNUM_170M                          0x20000336   Data           1  modbus_slave_170m.o(.data)
    sendlength2                              0x20000338   Data           2  modbus_slave_170m.o(.data)
    cdh_num                                  0x2000033a   Data           1  pid.o(.data)
    mmm_flag                                 0x2000033b   Data           1  pid.o(.data)
    mmm_flag1                                0x2000033c   Data           1  pid.o(.data)
    mmm_flag2                                0x2000033d   Data           1  pid.o(.data)
    StartTaskTCB                             0x20000340   Data         196  main.o(.bss)
    START_TASK_STK                           0x20000404   Data         512  main.o(.bss)
    Control_TaskTCB                          0x20000604   Data         196  main.o(.bss)
    Control_TASK_STK                         0x200006c8   Data         512  main.o(.bss)
    Automode_TaskTCB                         0x200008c8   Data         196  main.o(.bss)
    Automode_TASK_STK                        0x2000098c   Data         512  main.o(.bss)
    Task1_TaskTCB                            0x20000b8c   Data         196  main.o(.bss)
    Task1_TASK_STK                           0x20000c50   Data         512  main.o(.bss)
    Task4_TaskTCB                            0x20000e50   Data         196  main.o(.bss)
    Task4_TASK_STK                           0x20000f14   Data         512  main.o(.bss)
    Cansend_TaskTCB                          0x20001114   Data         196  main.o(.bss)
    Cansend_TASK_STK                         0x200011d8   Data         512  main.o(.bss)
    RunLED_TaskTCB                           0x200013d8   Data         196  main.o(.bss)
    RunLED_TASK_STK                          0x2000149c   Data         512  main.o(.bss)
    RFID_TaskTCB                             0x2000169c   Data         196  main.o(.bss)
    RFID_TASK_STK                            0x20001760   Data         512  main.o(.bss)
    YAOKONG_TaskTCB                          0x20001960   Data         196  main.o(.bss)
    YAOKONG_TASK_STK                         0x20001a24   Data         512  main.o(.bss)
    Task5_TaskTCB                            0x20001c24   Data         196  main.o(.bss)
    Task5_TASK_STK                           0x20001ce8   Data         512  main.o(.bss)
    Task6_TaskTCB                            0x20001ee8   Data         196  main.o(.bss)
    Task6_TASK_STK                           0x20001fac   Data         512  main.o(.bss)
    Task7_TaskTCB                            0x200021ac   Data         196  main.o(.bss)
    Task7_TASK_STK                           0x20002270   Data         512  main.o(.bss)
    Task8_TaskTCB                            0x20002470   Data         196  main.o(.bss)
    Task8_TASK_STK                           0x20002534   Data         512  main.o(.bss)
    Task9_TaskTCB                            0x20002734   Data         196  main.o(.bss)
    Task9_TASK_STK                           0x200027f8   Data         512  main.o(.bss)
    Task10_TaskTCB                           0x200029f8   Data         196  main.o(.bss)
    Task10_TASK_STK                          0x20002abc   Data         512  main.o(.bss)
    Task11_TaskTCB                           0x20002cbc   Data         196  main.o(.bss)
    Task11_TASK_STK                          0x20002d80   Data         512  main.o(.bss)
    Task12_TaskTCB                           0x20002f80   Data         196  main.o(.bss)
    Task12_TASK_STK                          0x20003044   Data         512  main.o(.bss)
    Task13_TaskTCB                           0x20003244   Data         196  main.o(.bss)
    Task13_TASK_STK                          0x20003308   Data         512  main.o(.bss)
    Task15_TaskTCB                           0x20003508   Data         196  main.o(.bss)
    Task15_TASK_STK                          0x200035cc   Data         512  main.o(.bss)
    WriteBuffer                              0x200037cc   Data        2000  main.o(.bss)
    ReadBuffer                               0x20003f9c   Data        2000  main.o(.bss)
    AD_Value                                 0x20004770   Data         180  dma.o(.bss)
    After_filter                             0x20004828   Data          24  dma.o(.bss)
    sendBuf                                  0x20004840   Data         250  dma.o(.bss)
    receBuf                                  0x2000493a   Data         250  dma.o(.bss)
    rece_buf                                 0x20004a34   Data         250  dma.o(.bss)
    send_buf                                 0x20004b2e   Data         250  dma.o(.bss)
    rece6_buf                                0x20004c28   Data         250  dma.o(.bss)
    send6_buf                                0x20004d22   Data         250  dma.o(.bss)
    rece3_buf                                0x20004e1c   Data         250  dma.o(.bss)
    send3_buf                                0x20004f16   Data         250  dma.o(.bss)
    USART_RX_BUF                             0x20005010   Data         200  usart.o(.bss)
    SystemParameter                          0x200050d8   Data         202  route.o(.bss)
    RouteStationNum                          0x200051a2   Data        1000  route.o(.bss)
    NowRouteInfor                            0x2000558a   Data        4000  route.o(.bss)
    StationInfor                             0x2000652a   Data          40  route.o(.bss)
    ProcessStepNum                           0x20006552   Data        1000  route.o(.bss)
    NowProcessInfor                          0x2000693a   Data        1000  route.o(.bss)
    lujing_cun                               0x20006d22   Data         500  read.o(.bss)
    liucheng_cun                             0x20006f16   Data         500  read.o(.bss)
    CPU_Name                                 0x2000710a   Data          16  cpu_core.o(.bss)
    Mem_PoolHeap                             0x2000711c   Data          72  lib_mem.o(.bss)
    Mem_Heap                                 0x20007164   Data        1024  lib_mem.o(.bss)
    OSCfg_IdleTaskStk                        0x20007564   Data         512  os_cfg_app.o(.bss)
    OSCfg_IntQ                               0x20007764   Data         320  os_cfg_app.o(.bss)
    OSCfg_IntQTaskStk                        0x200078a4   Data         512  os_cfg_app.o(.bss)
    OSCfg_ISRStk                             0x20007aa4   Data         512  os_cfg_app.o(.bss)
    OSCfg_MsgPool                            0x20007ca4   Data        1600  os_cfg_app.o(.bss)
    OSCfg_StatTaskStk                        0x200082e4   Data         512  os_cfg_app.o(.bss)
    OSCfg_TickTaskStk                        0x200084e4   Data         512  os_cfg_app.o(.bss)
    OSCfg_TickWheel                          0x200086e4   Data         136  os_cfg_app.o(.bss)
    OSCfg_TmrTaskStk                         0x2000876c   Data         512  os_cfg_app.o(.bss)
    OSCfg_TmrWheel                           0x2000896c   Data         136  os_cfg_app.o(.bss)
    OSIdleTaskTCB                            0x200089f4   Data         196  os_var.o(.bss)
    OSIntQTaskTCB                            0x20008ab8   Data         196  os_var.o(.bss)
    OSMsgPool                                0x20008b7c   Data          12  os_var.o(.bss)
    OSRdyList                                0x20008b88   Data         768  os_var.o(.bss)
    OSStatTaskTCB                            0x20008e88   Data         196  os_var.o(.bss)
    OSTickTaskTCB                            0x20008f4c   Data         196  os_var.o(.bss)
    OSTmrTaskTCB                             0x20009010   Data         196  os_var.o(.bss)
    front_cdh16                              0x200090d4   Data          21  cdhdata.o(.bss)
    backl_cdh8                               0x200090e9   Data          21  cdhdata.o(.bss)
    backr_cdh8                               0x200090fe   Data          21  cdhdata.o(.bss)
    findtemp                                 0x20009113   Data          21  cdhdata.o(.bss)
    PLC_InPut                                0x20009128   Data         128  modbus_slave.o(.bss)
    PLC_OutPut                               0x200091a8   Data         128  modbus_slave.o(.bss)
    PLC_Data                                 0x20009228   Data         256  modbus_slave.o(.bss)
    W25QXX_BUFFER                            0x20009328   Data        4096  w25qxx.o(.bss)
    Buffer_Read                              0x2000a328   Data        2000  w25qxx.o(.bss)
    Buffer_Write                             0x2000aaf8   Data        2000  w25qxx.o(.bss)
    PLC2_InPut                               0x2000b2c8   Data          64  modbus_slave_170m.o(.bss)
    PLC2_OutPut                              0x2000b308   Data          64  modbus_slave_170m.o(.bss)
    PLC2_Data                                0x2000b348   Data         128  modbus_slave_170m.o(.bss)
    PID                                      0x2000b3c8   Data          48  pid.o(.bss)
    PID1                                     0x2000b3f8   Data          48  pid.o(.bss)
    PID4                                     0x2000b428   Data          48  pid.o(.bss)
    __libspace_start                         0x2000b458   Data          96  libspace.o(.bss)
    __temporary_stack_top$libspace           0x2000b4b8   Data           0  libspace.o(.bss)



==============================================================================

Memory Map of the image

  Image Entry point : 0x08000189

  Load Region LR_IROM1 (Base: 0x08000000, Size: 0x00019da4, Max: 0x00100000, ABSOLUTE, COMPRESSED[0x00019b28])

    Execution Region ER_IROM1 (Base: 0x08000000, Size: 0x00019a64, Max: 0x00100000, ABSOLUTE)

    Base Addr    Size         Type   Attr      Idx    E Section Name        Object

    0x08000000   0x00000188   Data   RO          492    RESET               startup_stm32f40_41xxx.o
    0x08000188   0x00000008   Code   RO         1628  * !!!main             c_w.l(__main.o)
    0x08000190   0x00000034   Code   RO         1841    !!!scatter          c_w.l(__scatter.o)
    0x080001c4   0x0000005a   Code   RO         1839    !!dczerorl2         c_w.l(__dczerorl2.o)
    0x0800021e   0x00000002   PAD
    0x08000220   0x0000001c   Code   RO         1843    !!handler_zi        c_w.l(__scatter_zi.o)
    0x0800023c   0x00000002   Code   RO         1714    .ARM.Collect$$libinit$$00000000  c_w.l(libinit.o)
    0x0800023e   0x00000004   Code   RO         1726    .ARM.Collect$$libinit$$00000001  c_w.l(libinit2.o)
    0x08000242   0x00000000   Code   RO         1729    .ARM.Collect$$libinit$$00000004  c_w.l(libinit2.o)
    0x08000242   0x00000000   Code   RO         1732    .ARM.Collect$$libinit$$0000000A  c_w.l(libinit2.o)
    0x08000242   0x00000000   Code   RO         1734    .ARM.Collect$$libinit$$0000000C  c_w.l(libinit2.o)
    0x08000242   0x00000000   Code   RO         1736    .ARM.Collect$$libinit$$0000000E  c_w.l(libinit2.o)
    0x08000242   0x00000000   Code   RO         1739    .ARM.Collect$$libinit$$00000011  c_w.l(libinit2.o)
    0x08000242   0x00000000   Code   RO         1741    .ARM.Collect$$libinit$$00000013  c_w.l(libinit2.o)
    0x08000242   0x00000000   Code   RO         1743    .ARM.Collect$$libinit$$00000015  c_w.l(libinit2.o)
    0x08000242   0x00000000   Code   RO         1745    .ARM.Collect$$libinit$$00000017  c_w.l(libinit2.o)
    0x08000242   0x00000000   Code   RO         1747    .ARM.Collect$$libinit$$00000019  c_w.l(libinit2.o)
    0x08000242   0x00000000   Code   RO         1749    .ARM.Collect$$libinit$$0000001B  c_w.l(libinit2.o)
    0x08000242   0x00000000   Code   RO         1751    .ARM.Collect$$libinit$$0000001D  c_w.l(libinit2.o)
    0x08000242   0x00000000   Code   RO         1753    .ARM.Collect$$libinit$$0000001F  c_w.l(libinit2.o)
    0x08000242   0x00000000   Code   RO         1755    .ARM.Collect$$libinit$$00000021  c_w.l(libinit2.o)
    0x08000242   0x00000000   Code   RO         1757    .ARM.Collect$$libinit$$00000023  c_w.l(libinit2.o)
    0x08000242   0x00000000   Code   RO         1759    .ARM.Collect$$libinit$$00000025  c_w.l(libinit2.o)
    0x08000242   0x00000000   Code   RO         1763    .ARM.Collect$$libinit$$0000002C  c_w.l(libinit2.o)
    0x08000242   0x00000000   Code   RO         1765    .ARM.Collect$$libinit$$0000002E  c_w.l(libinit2.o)
    0x08000242   0x00000000   Code   RO         1767    .ARM.Collect$$libinit$$00000030  c_w.l(libinit2.o)
    0x08000242   0x00000000   Code   RO         1769    .ARM.Collect$$libinit$$00000032  c_w.l(libinit2.o)
    0x08000242   0x00000002   Code   RO         1770    .ARM.Collect$$libinit$$00000033  c_w.l(libinit2.o)
    0x08000244   0x00000002   Code   RO         1796    .ARM.Collect$$libshutdown$$00000000  c_w.l(libshutdown.o)
    0x08000246   0x00000000   Code   RO         1824    .ARM.Collect$$libshutdown$$00000003  c_w.l(libshutdown2.o)
    0x08000246   0x00000000   Code   RO         1827    .ARM.Collect$$libshutdown$$00000006  c_w.l(libshutdown2.o)
    0x08000246   0x00000000   Code   RO         1830    .ARM.Collect$$libshutdown$$00000009  c_w.l(libshutdown2.o)
    0x08000246   0x00000000   Code   RO         1832    .ARM.Collect$$libshutdown$$0000000B  c_w.l(libshutdown2.o)
    0x08000246   0x00000000   Code   RO         1835    .ARM.Collect$$libshutdown$$0000000E  c_w.l(libshutdown2.o)
    0x08000246   0x00000002   Code   RO         1836    .ARM.Collect$$libshutdown$$0000000F  c_w.l(libshutdown2.o)
    0x08000248   0x00000000   Code   RO         1668    .ARM.Collect$$rtentry$$00000000  c_w.l(__rtentry.o)
    0x08000248   0x00000000   Code   RO         1685    .ARM.Collect$$rtentry$$00000002  c_w.l(__rtentry2.o)
    0x08000248   0x00000006   Code   RO         1697    .ARM.Collect$$rtentry$$00000004  c_w.l(__rtentry4.o)
    0x0800024e   0x00000000   Code   RO         1687    .ARM.Collect$$rtentry$$00000009  c_w.l(__rtentry2.o)
    0x0800024e   0x00000004   Code   RO         1688    .ARM.Collect$$rtentry$$0000000A  c_w.l(__rtentry2.o)
    0x08000252   0x00000000   Code   RO         1690    .ARM.Collect$$rtentry$$0000000C  c_w.l(__rtentry2.o)
    0x08000252   0x00000008   Code   RO         1691    .ARM.Collect$$rtentry$$0000000D  c_w.l(__rtentry2.o)
    0x0800025a   0x00000002   Code   RO         1718    .ARM.Collect$$rtexit$$00000000  c_w.l(rtexit.o)
    0x0800025c   0x00000000   Code   RO         1772    .ARM.Collect$$rtexit$$00000002  c_w.l(rtexit2.o)
    0x0800025c   0x00000004   Code   RO         1773    .ARM.Collect$$rtexit$$00000003  c_w.l(rtexit2.o)
    0x08000260   0x00000006   Code   RO         1774    .ARM.Collect$$rtexit$$00000004  c_w.l(rtexit2.o)
    0x08000266   0x00000002   PAD
    0x08000268   0x000046e4   Code   RO            3    .text               main.o
    0x0800494c   0x00000016   Code   RO          290    .text               stm32f4xx_it.o
    0x08004962   0x00000002   PAD
    0x08004964   0x00000210   Code   RO          339    .text               system_stm32f4xx.o
    0x08004b74   0x00000154   Code   RO          365    .text               led.o
    0x08004cc8   0x0000059c   Code   RO          389    .text               can.o
    0x08005264   0x00000654   Code   RO          420    .text               dma.o
    0x080058b8   0x000000b0   Code   RO          452    .text               adc.o
    0x08005968   0x0000002c   Code   RO          472    .text               wdg.o
    0x08005994   0x00000040   Code   RO          493    .text               startup_stm32f40_41xxx.o
    0x080059d4   0x000000e0   Code   RO          499    .text               misc.o
    0x08005ab4   0x00000464   Code   RO          519    .text               stm32f4xx_adc.o
    0x08005f18   0x000009f0   Code   RO          539    .text               stm32f4xx_can.o
    0x08006908   0x00000294   Code   RO          559    .text               stm32f4xx_gpio.o
    0x08006b9c   0x0000065c   Code   RO          579    .text               stm32f4xx_rcc.o
    0x080071f8   0x00000454   Code   RO          621    .text               stm32f4xx_usart.o
    0x0800764c   0x00000ca2   Code   RO          664    .text               stm32f4xx_tim.o
    0x080082ee   0x00000002   PAD
    0x080082f0   0x000003a8   Code   RO          684    .text               stm32f4xx_dma.o
    0x08008698   0x00000480   Code   RO          704    .text               stm32f4xx_spi.o
    0x08008b18   0x00000178   Code   RO          724    .text               delay.o
    0x08008c90   0x00000198   Code   RO          764    .text               usart.o
    0x08008e28   0x00000a4c   Code   RO          795    .text               route.o
    0x08009874   0x000010c0   Code   RO          822    .text               read.o
    0x0800a934   0x00000084   Code   RO          853    .text               bsp.o
    0x0800a9b8   0x000002a8   Code   RO          886    .text               cpu_core.o
    0x0800ac60   0x00000034   Code   RO          912    .text               cpu_a.o
    0x0800ac94   0x00000256   Code   RO          915    .text               lib_ascii.o
    0x0800aeea   0x00000002   PAD
    0x0800aeec   0x000009c6   Code   RO          948    .text               lib_mem.o
    0x0800b8b2   0x00000002   PAD
    0x0800b8b4   0x0000092c   Code   RO          967    .text               lib_str.o
    0x0800c1e0   0x00000220   Code   RO          984    .text               lib_mem_a.o
    0x0800c400   0x000000fc   Code   RO          987    .text               os_cfg_app.o
    0x0800c4fc   0x00000df0   Code   RO         1010    .text               os_core.o
    0x0800d2ec   0x000001b0   Code   RO         1022    .text               os_dbg.o
    0x0800d49c   0x00000e28   Code   RO         1037    .text               os_flag.o
    0x0800e2c4   0x00000444   Code   RO         1049    .text               os_int.o
    0x0800e708   0x00000238   Code   RO         1061    .text               os_mem.o
    0x0800e940   0x0000022c   Code   RO         1073    .text               os_msg.o
    0x0800eb6c   0x00000ad4   Code   RO         1085    .text               os_mutex.o
    0x0800f640   0x0000007c   Code   RO         1103    .text               os_prio.o
    0x0800f6bc   0x000008d8   Code   RO         1122    .text               os_q.o
    0x0800ff94   0x00000830   Code   RO         1134    .text               os_sem.o
    0x080107c4   0x00000638   Code   RO         1146    .text               os_stat.o
    0x08010dfc   0x00001bb4   Code   RO         1158    .text               os_task.o
    0x080129b0   0x000004fc   Code   RO         1170    .text               os_tick.o
    0x08012eac   0x00000564   Code   RO         1182    .text               os_time.o
    0x08013410   0x00000818   Code   RO         1194    .text               os_tmr.o
    0x08013c28   0x000003f8   Code   RO         1222    .text               os_cpu_c.o
    0x08014020   0x00000a08   Code   RO         1266    .text               pwm.o
    0x08014a28   0x00000e50   Code   RO         1289    .text               cdhdata.o
    0x08015878   0x000001ac   Code   RO         1316    .text               uart4.o
    0x08015a24   0x0000073c   Code   RO         1340    .text               modbus_slave.o
    0x08016160   0x000003b4   Code   RO         1367    .text               w25qxx.o
    0x08016514   0x0000011c   Code   RO         1397    .text               spi.o
    0x08016630   0x000001d0   Code   RO         1417    .text               usart2.o
    0x08016800   0x0000078c   Code   RO         1444    .text               xf.o
    0x08016f8c   0x00000120   Code   RO         1470    .text               usart6.o
    0x080170ac   0x00000158   Code   RO         1496    .text               usart3.o
    0x08017204   0x00000708   Code   RO         1516    .text               modbus_slave_170m.o
    0x0801790c   0x00000db4   Code   RO         1543    .text               pid.o
    0x080186c0   0x000001cc   Code   RO         1570    .text               control.o
    0x0801888c   0x00000030   Code   RO         1594    .text               baohu.o
    0x080188bc   0x00000002   Code   RO         1614    .text               c_w.l(use_no_semi_2.o)
    0x080188be   0x000000ee   Code   RO         1616    .text               c_w.l(lludivv7m.o)
    0x080189ac   0x00000024   Code   RO         1618    .text               c_w.l(strstr.o)
    0x080189d0   0x0000003e   Code   RO         1620    .text               c_w.l(strlen.o)
    0x08018a0e   0x0000008a   Code   RO         1622    .text               c_w.l(rt_memcpy_v6.o)
    0x08018a98   0x00000044   Code   RO         1624    .text               c_w.l(rt_memclr.o)
    0x08018adc   0x00000006   Code   RO         1626    .text               c_w.l(heapauxi.o)
    0x08018ae2   0x00000002   Code   RO         1666    .text               c_w.l(use_no_semi.o)
    0x08018ae4   0x00000064   Code   RO         1673    .text               c_w.l(rt_memcpy_w.o)
    0x08018b48   0x0000004e   Code   RO         1675    .text               c_w.l(rt_memclr_w.o)
    0x08018b96   0x0000004a   Code   RO         1701    .text               c_w.l(sys_stackheap_outer.o)
    0x08018be0   0x0000000c   Code   RO         1703    .text               c_w.l(exit.o)
    0x08018bec   0x00000008   Code   RO         1715    .text               c_w.l(libspace.o)
    0x08018bf4   0x000000ac   Code   RO         1246    CODE                os_cpu_a.o
    0x08018ca0   0x00000014   Code   RO         1660    i.__hardfp_fabs     m_wm.l(fabs.o)
    0x08018cb4   0x00000150   Code   RO         1630    x$fpl$dadd          fz_wm.l(daddsub_clz.o)
    0x08018e04   0x00000018   Code   RO         1677    x$fpl$dcmpinf       fz_wm.l(dcmpi.o)
    0x08018e1c   0x000002b0   Code   RO         1637    x$fpl$ddiv          fz_wm.l(ddiv.o)
    0x080190cc   0x0000005e   Code   RO         1640    x$fpl$dfix          fz_wm.l(dfix.o)
    0x0801912a   0x00000002   PAD
    0x0801912c   0x0000005a   Code   RO         1644    x$fpl$dfixu         fz_wm.l(dfixu.o)
    0x08019186   0x0000002e   Code   RO         1649    x$fpl$dflt          fz_wm.l(dflt_clz.o)
    0x080191b4   0x00000026   Code   RO         1648    x$fpl$dfltu         fz_wm.l(dflt_clz.o)
    0x080191da   0x00000002   PAD
    0x080191dc   0x00000078   Code   RO         1654    x$fpl$dleqf         fz_wm.l(dleqf.o)
    0x08019254   0x00000154   Code   RO         1656    x$fpl$dmul          fz_wm.l(dmul.o)
    0x080193a8   0x0000009c   Code   RO         1679    x$fpl$dnaninf       fz_wm.l(dnaninf.o)
    0x08019444   0x0000000c   Code   RO         1681    x$fpl$dretinf       fz_wm.l(dretinf.o)
    0x08019450   0x0000006c   Code   RO         1658    x$fpl$drleqf        fz_wm.l(drleqf.o)
    0x080194bc   0x000001d4   Code   RO         1632    x$fpl$dsub          fz_wm.l(daddsub_clz.o)
    0x08019690   0x0000000a   Code   RO         1784    x$fpl$fpinit        fz_wm.l(fpinit.o)
    0x0801969a   0x00000000   Code   RO         1683    x$fpl$usenofp       fz_wm.l(usenofp.o)
    0x0801969a   0x00000002   PAD
    0x0801969c   0x00000104   Data   RO          888    .constdata          cpu_core.o
    0x080197a0   0x00000094   Data   RO          968    .constdata          lib_str.o
    0x08019834   0x000000a4   Data   RO          989    .constdata          os_cfg_app.o
    0x080198d8   0x0000016c   Data   RO         1023    .constdata          os_dbg.o
    0x08019a44   0x00000020   Data   RO         1837    Region$$Table       anon$$obj.o


    Execution Region RW_IRAM1 (Base: 0x20000000, Size: 0x0000bab8, Max: 0x00020000, ABSOLUTE, COMPRESSED[0x000000c4])

    Base Addr    Size         Type   Attr      Idx    E Section Name        Object

    0x20000000   0x00000058   Data   RW            5    .data               main.o
    0x20000058   0x00000014   Data   RW          340    .data               system_stm32f4xx.o
    0x2000006c   0x0000003f   Data   RW          390    .data               can.o
    0x200000ab   0x00000005   Data   RW          422    .data               dma.o
    0x200000b0   0x00000010   Data   RW          580    .data               stm32f4xx_rcc.o
    0x200000c0   0x00000004   Data   RW          725    .data               delay.o
    0x200000c4   0x00000006   Data   RW          766    .data               usart.o
    0x200000ca   0x00000008   Data   RW          797    .data               route.o
    0x200000d2   0x0000001a   Data   RW          824    .data               read.o
    0x200000ec   0x00000004   Data   RW          889    .data               cpu_core.o
    0x200000f0   0x00000004   Data   RW          950    .data               lib_mem.o
    0x200000f4   0x00000008   Data   RW         1104    .data               os_prio.o
    0x200000fc   0x000000c8   Data   RW         1207    .data               os_var.o
    0x200001c4   0x00000004   Data   RW         1223    .data               os_cpu_c.o
    0x200001c8   0x00000006   Data   RW         1267    .data               pwm.o
    0x200001ce   0x00000002   Data   RW         1291    .data               cdhdata.o
    0x200001d0   0x00000002   Data   RW         1342    .data               modbus_slave.o
    0x200001d2   0x00000002   Data   RW         1369    .data               w25qxx.o
    0x200001d4   0x00000001   Data   RW         1418    .data               usart2.o
    0x200001d5   0x0000015d   Data   RW         1445    .data               xf.o
    0x20000332   0x00000003   Data   RW         1471    .data               usart6.o
    0x20000335   0x00000001   PAD
    0x20000336   0x00000004   Data   RW         1518    .data               modbus_slave_170m.o
    0x2000033a   0x00000004   Data   RW         1545    .data               pid.o
    0x2000033e   0x00000002   PAD
    0x20000340   0x0000442c   Zero   RW            4    .bss                main.o
    0x2000476c   0x00000004   PAD
    0x20004770   0x000008a0   Zero   RW          421    .bss                dma.o
    0x20005010   0x000000c8   Zero   RW          765    .bss                usart.o
    0x200050d8   0x00001c4a   Zero   RW          796    .bss                route.o
    0x20006d22   0x000003e8   Zero   RW          823    .bss                read.o
    0x2000710a   0x00000010   Zero   RW          887    .bss                cpu_core.o
    0x2000711a   0x00000002   PAD
    0x2000711c   0x00000448   Zero   RW          949    .bss                lib_mem.o
    0x20007564   0x00001490   Zero   RW          988    .bss                os_cfg_app.o
    0x200089f4   0x000006e0   Zero   RW         1206    .bss                os_var.o
    0x200090d4   0x00000054   Zero   RW         1290    .bss                cdhdata.o
    0x20009128   0x00000200   Zero   RW         1341    .bss                modbus_slave.o
    0x20009328   0x00001fa0   Zero   RW         1368    .bss                w25qxx.o
    0x2000b2c8   0x00000100   Zero   RW         1517    .bss                modbus_slave_170m.o
    0x2000b3c8   0x00000090   Zero   RW         1544    .bss                pid.o
    0x2000b458   0x00000060   Zero   RW         1716    .bss                c_w.l(libspace.o)
    0x2000b4b8   0x00000200   Zero   RW          491    HEAP                startup_stm32f40_41xxx.o
    0x2000b6b8   0x00000400   Zero   RW          490    STACK               startup_stm32f40_41xxx.o


==============================================================================

Image component sizes


      Code (inc. data)   RO Data    RW Data    ZI Data      Debug   Object Name

       176          8          0          0          0        680   adc.o
        48          4          0          0          0        521   baohu.o
       132         14          0          0          0       1203   bsp.o
      1436         74          0         63          0       5371   can.o
      3664        124          0          2         84       5320   cdhdata.o
       460         44          0          0          0       1976   control.o
        52          0          0          0          0        320   cpu_a.o
       680         14        260          4         16      14599   cpu_core.o
       376         24          0          4          0       2174   delay.o
      1620        116          0          5       2208       5061   dma.o
       340         36          0          0          0        838   led.o
       598          0          0          0          0       3776   lib_ascii.o
      2502         32          0          4       1096      21888   lib_mem.o
       544          0          0          0          0        468   lib_mem_a.o
      2348          6        148          0          0      13170   lib_str.o
     18148       1848          0         88      17452     413148   main.o
       224         20          0          0          0       1953   misc.o
      1852         60          0          2        512       6441   modbus_slave.o
      1800         64          0          4        256       6508   modbus_slave_170m.o
       252        166        164          0       5264      20898   os_cfg_app.o
      3568        284          0          0          0      12193   os_core.o
       172         32          0          0          0        388   os_cpu_a.o
      1016         64          0          4          0       4017   os_cpu_c.o
       432        286        364          0          0       4761   os_dbg.o
      3624        110          0          0          0       7911   os_flag.o
      1092        146          0          0          0       2292   os_int.o
       568         20          0          0          0       2784   os_mem.o
       556         12          0          0          0       2795   os_msg.o
      2772        114          0          0          0       5602   os_mutex.o
       124          4          0          8          0       1904   os_prio.o
      2264         76          0          0          0       6284   os_q.o
      2096         70          0          0          0       6300   os_sem.o
      1592        180          0          0          0       2789   os_stat.o
      7092        270          0          0          0      13662   os_task.o
      1276         90          0          0          0       3397   os_tick.o
      1380         46          0          0          0       3185   os_time.o
      2072        140          0          0          0       6482   os_tmr.o
         0          0          0        200       1760      19333   os_var.o
      3508        174          0          4        144       2954   pid.o
      2568        116          0          6          0       3145   pwm.o
      4288        244          0         26       1000       3958   read.o
      2636         64          0          8       7242       5573   route.o
       284         10          0          0          0       1049   spi.o
        64         26        392          0       1536        828   startup_stm32f40_41xxx.o
      1124         24          0          0          0      10630   stm32f4xx_adc.o
      2544         38          0          0          0       8100   stm32f4xx_can.o
       936         32          0          0          0       6429   stm32f4xx_dma.o
       660         44          0          0          0       4225   stm32f4xx_gpio.o
        22          0          0          0          0       1035   stm32f4xx_it.o
      1628         52          0         16          0      13040   stm32f4xx_rcc.o
      1152         36          0          0          0       6981   stm32f4xx_spi.o
      3234         60          0          0          0      22432   stm32f4xx_tim.o
      1108         34          0          0          0       7932   stm32f4xx_usart.o
       528         46          0         20          0       1775   system_stm32f4xx.o
       428         26          0          0          0      27445   uart4.o
       408         24          0          6        200       3627   usart.o
       464         38          0          1          0       1268   usart2.o
       344         26          0          0          0        932   usart3.o
       288         22          0          3          0       1145   usart6.o
       948         30          0          2       8096       4678   w25qxx.o
        44          6          0          0          0        722   wdg.o
      1932        984          0        349          0       4653   xf.o

    ----------------------------------------------------------------------
    100096       6754       1360        832      46872     776948   Object Totals
         0          0         32          0          0          0   (incl. Generated)
         8          0          0          3          6          0   (incl. Padding)

    ----------------------------------------------------------------------

      Code (inc. data)   RO Data    RW Data    ZI Data      Debug   Library Member Name

        90          0          0          0          0          0   __dczerorl2.o
         8          0          0          0          0         68   __main.o
         0          0          0          0          0          0   __rtentry.o
        12          0          0          0          0          0   __rtentry2.o
         6          0          0          0          0          0   __rtentry4.o
        52          8          0          0          0          0   __scatter.o
        28          0          0          0          0          0   __scatter_zi.o
        12          0          0          0          0         72   exit.o
         6          0          0          0          0        152   heapauxi.o
         2          0          0          0          0          0   libinit.o
         6          0          0          0          0          0   libinit2.o
         2          0          0          0          0          0   libshutdown.o
         2          0          0          0          0          0   libshutdown2.o
         8          4          0          0         96         68   libspace.o
       238          0          0          0          0        100   lludivv7m.o
        68          0          0          0          0         68   rt_memclr.o
        78          0          0          0          0         80   rt_memclr_w.o
       138          0          0          0          0         68   rt_memcpy_v6.o
       100          0          0          0          0         80   rt_memcpy_w.o
         2          0          0          0          0          0   rtexit.o
        10          0          0          0          0          0   rtexit2.o
        62          0          0          0          0         76   strlen.o
        36          0          0          0          0         80   strstr.o
        74          0          0          0          0         80   sys_stackheap_outer.o
         2          0          0          0          0         68   use_no_semi.o
         2          0          0          0          0         68   use_no_semi_2.o
       804         16          0          0          0        368   daddsub_clz.o
        24          0          0          0          0        116   dcmpi.o
       688        140          0          0          0        256   ddiv.o
        94          4          0          0          0        140   dfix.o
        90          4          0          0          0        140   dfixu.o
        84          0          0          0          0        232   dflt_clz.o
       120          4          0          0          0        140   dleqf.o
       340         12          0          0          0        152   dmul.o
       156          4          0          0          0        140   dnaninf.o
        12          0          0          0          0        116   dretinf.o
       108          0          0          0          0        128   drleqf.o
        10          0          0          0          0        116   fpinit.o
         0          0          0          0          0          0   usenofp.o
        20          0          0          0          0        124   fabs.o

    ----------------------------------------------------------------------
      3604        196          0          0         96       3296   Library Totals
        10          0          0          0          0          0   (incl. Padding)

    ----------------------------------------------------------------------

      Code (inc. data)   RO Data    RW Data    ZI Data      Debug   Library Name

      1044         12          0          0         96       1128   c_w.l
      2530        184          0          0          0       2044   fz_wm.l
        20          0          0          0          0        124   m_wm.l

    ----------------------------------------------------------------------
      3604        196          0          0         96       3296   Library Totals

    ----------------------------------------------------------------------

==============================================================================


      Code (inc. data)   RO Data    RW Data    ZI Data      Debug   

    103700       6950       1360        832      46968     765724   Grand Totals
    103700       6950       1360        196      46968     765724   ELF Image Totals (compressed)
    103700       6950       1360        196          0          0   ROM Totals

==============================================================================

    Total RO  Size (Code + RO Data)               105060 ( 102.60kB)
    Total RW  Size (RW Data + ZI Data)             47800 (  46.68kB)
    Total ROM Size (Code + RO Data + RW Data)     105256 ( 102.79kB)

==============================================================================

