<html>
<body>
<pre>
<h1>礦ision Build Log</h1>
<h2>Tool Versions:</h2>
IDE-Version: μVision V5.14.0.0
Copyright (C) 2015 ARM Ltd and ARM Germany GmbH. All rights reserved.
License Information: asd AutoBVT, Microsoft, LIC=Z3C63-AYI5J-LVU1I-T3MDI-PD1A6-PPKQ1
 
Tool Versions:
Toolchain:       MDK-ARM Professional  Version: 5.14.0.0
Toolchain Path:  C:\Keil_v5\ARM\ARMCC\Bin
C Compiler:      Armcc.exe V5.05 update 1 (build 106)
Assembler:       Armasm.exe V5.05 update 1 (build 106)
Linker/Locator:  ArmLink.exe V5.05 update 1 (build 106)
Library Manager: ArmAr.exe V5.05 update 1 (build 106)
Hex Converter:   FromElf.exe V5.05 update 1 (build 106)
CPU DLL:         SARMCM3.DLL V5.14.0.0
Dialog DLL:      DCM.DLL V1.13.1.0
Target DLL:      Segger\JL2CM3.dll V2.99.13.0
Dialog DLL:      TCM.DLL V1.14.4.0
 
<h2>Project:</h2>
D:\github\stm32程序\叉车主控程序\user\template.uvprojx
Project File Date:  07/11/2017

<h2>Output:</h2>
Build target 'Template'
compiling main.c...
compiling stm32f4xx_it.c...
compiling system_stm32f4xx.c...
compiling led.c...
compiling can.c...
compiling dma.c...
compiling adc.c...
compiling wdg.c...
assembling startup_stm32f40_41xxx.s...
compiling misc.c...
compiling stm32f4xx_adc.c...
compiling stm32f4xx_can.c...
compiling stm32f4xx_gpio.c...
compiling stm32f4xx_rcc.c...
compiling stm32f4xx_syscfg.c...
compiling stm32f4xx_usart.c...
compiling stm32f4xx_fsmc.c...
compiling stm32f4xx_tim.c...
compiling stm32f4xx_dma.c...
compiling stm32f4xx_spi.c...
compiling delay.c...
compiling sys.c...
compiling usart.c...
compiling route.c...
compiling read.c...
..\system\read\read.c(452): warning:  #223-D: function "UserConfigInit" declared implicitly
                                        UserConfigInit();                               
..\system\read\read.c: 1 warning, 0 errors
compiling bsp.c...
compiling cpu_c.c...
compiling cpu_core.c...
assembling cpu_a.asm...
compiling lib_ascii.c...
compiling lib_math.c...
compiling lib_mem.c...
compiling lib_str.c...
assembling lib_mem_a.asm...
compiling os_cfg_app.c...
compiling os_core.c...
compiling os_dbg.c...
compiling os_flag.c...
compiling os_int.c...
compiling os_mem.c...
compiling os_msg.c...
compiling os_mutex.c...
compiling os_pend_multi.c...
compiling os_prio.c...
compiling os_q.c...
compiling os_sem.c...
compiling os_stat.c...
compiling os_task.c...
compiling os_tick.c...
compiling os_time.c...
compiling os_tmr.c...
compiling os_var.c...
compiling os_cpu_c.c...
assembling os_cpu_a.asm...
compiling os_app_hooks.c...
compiling pwm.c...
compiling CDHdata.c...
compiling UART4.c...
compiling Modbus_slave.c...
compiling w25qxx.c...
compiling spi.c...
compiling usart2.c...
compiling xf.c...
..\Mine\YUYIN\xf.c(71): warning:  #167-D: argument of type "u8 *" is incompatible with parameter of type "const char *"
                HZ_Length =strlen(HZdata);                      //需要发送文本的长度
..\Mine\YUYIN\xf.c(97): warning:  #167-D: argument of type "u8 *" is incompatible with parameter of type "const char *"
        Com_Len =strlen(Info_data);
..\Mine\YUYIN\xf.c: 2 warnings, 0 errors
compiling usart6.c...
compiling usart3.c...
compiling Modbus_slave_170M.c...
compiling pid.c...
compiling control.c...
compiling baohu.c...
linking...
Program Size: Code=103700 RO-data=1360 RW-data=832 ZI-data=46968  
FromELF: creating hex file...
"..\OBJ\Template.axf" - 0 Error(s), 3 Warning(s).

<h2>Collection of Component include folders:</h2>
  D:\github\stm32程序\叉车主控程序\user\RTE
  C:\Keil_v5\ARM\PACK\Keil\STM32F4xx_DFP\2.7.0

<h2>Collection of Component Files used:</h2>
</pre>
</body>
</html>
